[2026-06-10T16:10:50.876Z] Phase T: 595 tire sizes (done: 0)
[2026-06-10T16:11:50.168Z]   tires 25/595
[2026-06-10T16:13:09.246Z]   tires 50/595
[2026-06-10T16:14:06.568Z]   tires 75/595
[2026-06-10T16:14:43.307Z]   tires 100/595
[2026-06-10T16:15:37.797Z]   tires 125/595
[2026-06-10T16:16:28.541Z]   tires 150/595
[2026-06-10T16:17:15.379Z]   tires 175/595
[2026-06-10T16:18:00.322Z]   tires 200/595
[2026-06-10T16:18:34.799Z]   tires 225/595
[2026-06-10T16:19:08.106Z]   tires 250/595
[2026-06-10T16:20:11.965Z]   tires 275/595
[2026-06-10T16:20:45.225Z]   tires 300/595
[2026-06-10T16:21:25.056Z]   tires 325/595
[2026-06-10T16:22:00.007Z]   tires 350/595
[2026-06-10T16:22:34.292Z]   tires 375/595
[2026-06-10T16:23:08.121Z]   tires 400/595
[2026-06-10T16:23:58.009Z]   tires 425/595
[2026-06-10T16:24:34.299Z]   tires 450/595
[2026-06-10T16:25:11.797Z]   tires 475/595
[2026-06-10T16:26:23.978Z]   tires 500/595
[2026-06-10T16:27:02.510Z]   tires 525/595
[2026-06-10T16:27:38.158Z]   tires 550/595
[2026-06-10T16:28:14.576Z]   tires 575/595
[2026-06-10T16:28:54.135Z] Phase T complete. sizes with results: 545/595
[2026-06-10T16:28:54.136Z] Phase W: 532 wheel classes (done: 0)
[2026-06-10T16:29:20.709Z]   wheels 25/532
[2026-06-10T16:29:46.609Z]   wheels 50/532
[2026-06-10T16:30:12.754Z]   wheels 75/532
[2026-06-10T16:30:38.872Z]   wheels 100/532
[2026-06-10T16:31:04.473Z]   wheels 125/532
[2026-06-10T16:31:30.604Z]   wheels 150/532
[2026-06-10T16:31:57.330Z]   wheels 175/532
[2026-06-10T16:32:23.497Z]   wheels 200/532
[2026-06-10T16:32:49.363Z]   wheels 225/532
[2026-06-10T16:33:14.986Z]   wheels 250/532
[2026-06-10T16:33:40.755Z]   wheels 275/532
[2026-06-10T16:34:06.835Z]   wheels 300/532
[2026-06-10T16:34:32.965Z]   wheels 325/532
[2026-06-10T16:34:59.652Z]   wheels 350/532
[2026-06-10T16:35:25.762Z]   wheels 375/532
[2026-06-10T16:35:51.518Z]   wheels 400/532
[2026-06-10T16:36:17.551Z]   wheels 425/532
[2026-06-10T16:36:44.548Z]   wheels 450/532
[2026-06-10T16:37:10.438Z]   wheels 475/532
[2026-06-10T16:37:20.631Z] Phase T: 595 tire sizes (done: 595)
[2026-06-10T16:37:20.659Z] Phase T complete. sizes with results: 545/595
[2026-06-10T16:37:20.660Z] Phase W: 532 wheel classes (done: 470)
[2026-06-10T16:37:25.221Z]   wheels 475/532
[2026-06-10T16:37:51.577Z]   wheels 500/532
[2026-06-10T16:38:17.398Z]   wheels 525/532
[2026-06-10T16:38:25.475Z] Phase W complete. classes with wheels: 460/532
[2026-06-10T16:38:25.476Z] Phase P: 460 package probes (done: 0)
[2026-06-10T16:38:58.199Z]   packages 25/460
[2026-06-10T16:39:30.879Z]   packages 50/460
[2026-06-10T16:40:03.818Z]   packages 75/460
[2026-06-10T16:40:37.347Z]   packages 100/460
[2026-06-10T16:41:10.786Z]   packages 125/460
[2026-06-10T16:41:43.624Z]   packages 150/460
[2026-06-10T16:42:16.323Z]   packages 175/460
[2026-06-10T16:42:49.003Z]   packages 200/460
[2026-06-10T16:43:21.653Z]   packages 225/460
[2026-06-10T16:43:54.360Z]   packages 250/460
[2026-06-10T16:44:27.172Z]   packages 275/460
[2026-06-10T16:45:00.059Z]   packages 300/460
[2026-06-10T16:45:32.691Z]   packages 325/460
[2026-06-10T16:46:05.472Z]   packages 350/460
[2026-06-10T16:46:38.867Z]   packages 375/460
[2026-06-10T16:47:11.528Z]   packages 400/460
[2026-06-10T16:47:44.240Z]   packages 425/460
[2026-06-10T16:48:17.084Z]   packages 450/460
[2026-06-10T16:48:31.445Z] Phase P complete. classes with packages: 380/460
[2026-06-10T16:48:31.446Z] PROBE DONE
[2026-06-11T18:00:59.965Z] Phase T: 817 tire sizes (done: 595)
[2026-06-11T18:01:11.496Z]   tires 600/817
[2026-06-11T18:01:47.883Z]   tires 625/817
[2026-06-11T18:02:24.971Z]   tires 650/817
[2026-06-11T18:03:41.451Z]   tires 675/817
[2026-06-11T18:04:28.709Z]   tires 700/817
[2026-06-11T18:05:01.249Z]   tires 725/817
[2026-06-11T18:05:35.334Z]   tires 750/817
[2026-06-11T18:06:08.019Z]   tires 775/817
[2026-06-11T18:06:41.321Z]   tires 800/817
[2026-06-11T18:07:14.349Z] Phase T complete. sizes with results: 761/817
[2026-06-11T18:07:14.349Z] Phase W: 532 wheel classes (done: 532)
[2026-06-11T18:07:14.351Z] Phase W complete. classes with wheels: 460/532
[2026-06-11T18:07:14.352Z] Phase P: 460 package probes (done: 460)
[2026-06-11T18:07:14.354Z] Phase P complete. classes with packages: 380/460
[2026-06-11T18:07:14.355Z] PROBE DONE
[2026-06-11T18:15:18.277Z] Phase T: 839 tire sizes (done: 817)
[2026-06-11T18:15:47.146Z]   tires 825/839
[2026-06-11T18:16:08.939Z] Phase T complete. sizes with results: 783/839
[2026-06-11T18:16:08.940Z] Phase W: 532 wheel classes (done: 532)
[2026-06-11T18:16:08.941Z] Phase W complete. classes with wheels: 460/532
[2026-06-11T18:16:08.942Z] Phase P: 460 package probes (done: 460)
[2026-06-11T18:16:08.943Z] Phase P complete. classes with packages: 380/460
[2026-06-11T18:16:08.944Z] PROBE DONE
[2026-06-11T18:29:48.232Z] Phase T: 839 tire sizes (done: 839)
[2026-06-11T18:29:48.240Z] Phase T complete. sizes with results: 783/839
[2026-06-11T18:29:48.242Z] Phase W: 532 wheel classes (done: 532)
[2026-06-11T18:29:48.248Z] Phase W complete. classes with wheels: 460/532
[2026-06-11T18:29:48.250Z] Phase P: 460 package probes (done: 437)
[2026-06-11T18:30:06.945Z]   packages 450/460
[2026-06-11T18:30:23.663Z] Phase P complete. classes with packages: 403/460
[2026-06-11T18:30:23.665Z] PROBE DONE
[2026-06-11T18:31:32.960Z] Phase T: 839 tire sizes (done: 839)
[2026-06-11T18:31:32.967Z] Phase T complete. sizes with results: 783/839
[2026-06-11T18:31:32.968Z] Phase W: 532 wheel classes (done: 532)
[2026-06-11T18:31:32.970Z] Phase W complete. classes with wheels: 460/532
[2026-06-11T18:31:32.971Z] Phase P: 460 package probes (done: 0)
[2026-06-11T18:32:04.999Z]   packages 25/460
[2026-06-11T18:32:37.638Z]   packages 50/460
[2026-06-11T18:33:10.493Z]   packages 75/460
[2026-06-11T18:33:43.147Z]   packages 100/460
[2026-06-11T18:34:15.845Z]   packages 125/460
[2026-06-11T18:34:48.767Z]   packages 150/460
[2026-06-11T18:35:21.634Z]   packages 175/460
[2026-06-11T18:35:54.327Z]   packages 200/460
[2026-06-11T18:36:27.123Z]   packages 225/460
[2026-06-11T18:36:59.866Z]   packages 250/460
[2026-06-11T18:37:32.493Z]   packages 275/460
[2026-06-11T18:38:05.375Z]   packages 300/460
[2026-06-11T18:38:41.465Z]   packages 325/460
[2026-06-11T18:39:15.516Z]   packages 350/460
[2026-06-11T18:39:48.493Z]   packages 375/460
[2026-06-11T18:40:21.570Z]   packages 400/460
[2026-06-11T18:40:54.481Z]   packages 425/460
[2026-06-11T18:41:27.292Z]   packages 450/460
[2026-06-11T18:41:41.642Z] Phase P complete. classes with packages: 443/460
[2026-06-11T18:41:41.644Z] PROBE DONE
